"https://www.sait.ca/events/2023/12/lunch-and-learn-access-the-hidden-job-market"
"https://www.sait.ca/events/2023/12/careers-in-energy-and-environment"
"https://www.sait.ca/events/2023/12/school-of-health-and-public-safety-entrance-testing-process-for-admission-information-session"
"https://www.sait.ca/events/2023/12/crane-operator-ironworker-railway-conductor-and-recreation-vehicle-programs"
"https://www.sait.ca/events/2023/12/medical-laboratory-assistant-information-session"
"https://www.sait.ca/events/2023/12/pharmacy-assistant"
"https://www.sait.ca/events/2023/12/bachelor-of-business-administration-information-session"
"https://www.sait.ca/events/2023/12/leading-beyond-any-title-what-leaders-need-to-know-in-2024"
"https://www.sait.ca/events/2024/01/writing-services-info-session-for-faculty-and-staff-online"
"https://www.sait.ca/events/2024/01/leading-beyond-any-title-breathe-some-life-into-your-goal-setting-process"
"https://www.sait.ca/events/2024/01/writing-services-info-session-for-faculty-and-staff"
"https://www.sait.ca/events/2024/01/exploring-opportunities-in-machine-learning-ai-and-data-info-session"
"https://www.sait.ca/events/2024/01/careers-in-construction-trades-and-technology"
"https://www.sait.ca/events/2024/01/pharmacy-assistant-information-session"
"https://www.sait.ca/events/2024/01/integrated-artificial-intelligence-info-session"
"https://www.sait.ca/events/2024/01/medical-laboratory-assistant"
"https://www.sait.ca/events/2024/01/careers-in-digital-technology-info-session"
"https://www.sait.ca/events/2024/01/bachelor-of-business-administration-information-session"
"https://www.sait.ca/events/2024/01/applied-rpa-and-microsoft-power-platform-info-session"
"https://www.sait.ca/events/2024/01/fast-track-digital-certificates-info-session"
"https://www.sait.ca/events/2024/01/crane-operator-ironworker-railway-conductor-and-recreation-vehicle-programs"
"https://www.sait.ca/events/2024/01/school-of-business-certificate-programs"
"https://www.sait.ca/events/2024/01/international-business-management-online-information-session"
"https://www.sait.ca/events/2024/01/careers-in-engineering-technology-and-inspection"
"https://www.sait.ca/events/2024/01/resume-writing-and-linkedin-drop-in-lab"
"https://www.sait.ca/events/2024/01/leading-beyond-any-title-is-feedback-a-gift"
"https://www.sait.ca/events/2024/01/interactive-design-diploma-information-session"
"https://www.sait.ca/events/2024/01/careers-in-hospitality-and-tourism"
"https://www.sait.ca/events/2024/01/how-to-apply-ask-us-anything"
"https://www.sait.ca/events/2024/01/money-matters-student-awards-and-financing"
"https://www.sait.ca/events/2024/01/saits-community-volunteer-fair"
"https://www.sait.ca/events/2024/02/leading-beyond-any-title-does-your-team-need-to-be-built-engaged-or-connected"
"https://www.sait.ca/events/2024/02/careers-in-construction-trades-and-technology"
"https://www.sait.ca/events/2024/02/school-of-business-certificate-programs-online-information-session"
"https://www.sait.ca/events/2024/02/international-business-management-online-information-session"
"https://www.sait.ca/events/2024/02/medical-laboratory-assistant"
"https://www.sait.ca/events/2024/02/resume-writing-and-linkedin-drop-in-lab"
"https://www.sait.ca/events/2024/02/school-of-health-and-public-safety-entrance-testing-process-for-admission-information-session"
"https://www.sait.ca/events/2024/02/pharmacy-assistant"
"https://www.sait.ca/events/2024/02/careers-in-energy-and-environment"
"https://www.sait.ca/events/2024/02/leading-beyond-any-title-its-your-meeting-what-will-you-do-to-make-it-meaningful"
"https://www.sait.ca/events/2024/02/crane-operator-ironworker-railway-conductor-and-recreation-vehicle-programs"
"https://www.sait.ca/events/2024/02/crane-operator-ironworker-railway-conductor-and-recreation-vehicle-programs1"
"https://www.sait.ca/events/2024/02/careers-in-cyber-security"
"https://www.sait.ca/events/2024/02/careers-in-machining-and-welding"
"https://www.sait.ca/events/2024/02/careers-in-heavy-duty-equipment-and-automotive-business-management"
"https://www.sait.ca/events/2024/02/careers-in-hospitality-and-tourism"
"https://www.sait.ca/events/2024/02/how-to-apply-ask-us-anything"
"https://www.sait.ca/events/2024/02/money-matters"
"https://www.sait.ca/events/2024/03/careers-in-construction-trades-and-technology"
"https://www.sait.ca/events/2024/03/sait-open-house"
"https://www.sait.ca/events/2024/03/school-of-health-and-public-safety-entrance-testing-process-for-admission-information-session"
"https://www.sait.ca/events/2024/03/resume-writing-and-linkedin-drop-in-lab"
"https://www.sait.ca/events/2024/03/how-to-apply-to-sait-ask-us-anything-online-information-session"
"https://www.sait.ca/events/2024/03/money-matters-student-awards-and-financing"
"https://www.sait.ca/events/2024/04/careers-in-construction-trades-and-technology"
"https://www.sait.ca/events/2024/04/careers-in-construction-trades-and-technology1"
"https://www.sait.ca/events/2024/04/resume-writing-and-linkedin-drop-in-lab"
"https://www.sait.ca/events/2024/04/crane-operator-ironworker-railway-conductor-and-recreation-vehicle-programs1"
"https://www.sait.ca/events/2024/04/building-futures-alberta-skilled-trades-conference"
"https://www.sait.ca/events/2024/05/careers-in-construction-trades-and-technology"
"https://www.sait.ca/events/2024/05/resume-writing-and-linkedin-drop-in-lab"
"https://www.sait.ca/events/2024/06/resume-writing-and-linkedin-drop-in-lab"
"https://www.sait.ca/events/2024/06/careers-in-construction-trades-and-technology"
